cargo : warning: unused import: `std::io::Write`
In Zeile:1 Zeichen:1
+ cargo test test_return_type_inference --lib 
-- --nocapture > test_out ...
+ ~~~~~~~~~~~~~~~~~~~~~~~~~~~~~~~~~~~~~~~~~~~~~~
~~~~~~~~~~~~~~~~~~~~~~~
    + CategoryInfo          : NotSpecified: (wa 
   rning: unused import: `std::io::Write`:Stri  
  ng) [], RemoteException
    + FullyQualifiedErrorId : NativeCommandErro 
   r
 
 --> src\stdlib\fs.rs:4:5
  |
4 | use std::io::Write;
  |     ^^^^^^^^^^^^^^
  |
  = note: `#[warn(unused_imports)]` (part of 
`#[warn(unused)]`) on by default

warning: unused imports: `Expression` and 
`Statement`
 --> src\nil\intent.rs:3:18
  |
3 | use crate::ast::{Statement, Expression};
  |                  ^^^^^^^^^  ^^^^^^^^^^

warning: unused import: `crate::nil::intent::*`
 --> src\nil\patterns.rs:3:5
  |
3 | use crate::nil::intent::*;
  |     ^^^^^^^^^^^^^^^^^^^^^

warning: unused import: `Metric`
 --> src\aurora\jit.rs:6:39
  |
6 | ...{FunctionStats, Metric};
  |                    ^^^^^^

warning: unused import: `Duration`
 --> src\telemetry\metrics.rs:4:17
  |
4 | use std::time::{Duration, Instant};
  |                 ^^^^^^^^

warning: unreachable statement
   --> src\interpreter.rs:848:13
    |
847 |             return func(args);
    |             ----------------- any code 
following this expression is unreachable
848 |             let mut input = String::new();
    |             
^^^^^^^^^^^^^^^^^^^^^^^^^^^^^^ unreachable 
statement
    |
    = note: `#[warn(unreachable_code)]` (part 
of `#[warn(unused)]`) on by default

warning: unreachable statement
   --> src\interpreter.rs:864:13
    |
860 |                   return Ok(Value::Nil);
    |                   --------------------- 
any code following this expression is 
unreachable
...
864 | /             if call.args.len() != 1 {
865 | |                 return Err("reload 
expec...
866 | |             }
    | |_____________^ unreachable statement

warning: unreachable pattern
  --> src\interpreter.rs:76:13
   |
74 | ...   (Value::Result(a), Value::Result(b)) 
=>...
   |       ------------------------------------ 
matches all the relevant values
75 | ...   (Value::Option(a), Value::Option(b)) 
=>...
76 | ...   (Value::Result(a), Value::Result(b)) 
=>...
   |       ^^^^^^^^^^^^^^^^^^^^^^^^^^^^^^^^^^^^ 
no value can reach this
   |
   = note: `#[warn(unreachable_patterns)]` 
(part of `#[warn(unused)]`) on by default
   = note: the full name for the type has been 
written to 'C:\Dev\Repos\SonnerStudio\Sonner-Stu
dio-Language_SSL\target\debug\deps\ssl_core-cfad
dc8a1b7427a2.long-type-17799632507236076320.txt'
   = note: consider using `--verbose` to print 
the full type name to the console

warning: unreachable pattern
  --> src\interpreter.rs:77:13
   |
75 | ...   (Value::Option(a), Value::Option(b)) 
=>...
   |       ------------------------------------ 
matches all the relevant values
76 | ...   (Value::Result(a), Value::Result(b)) 
=>...
77 | ...   (Value::Option(a), Value::Option(b)) 
=>...
   |       ^^^^^^^^^^^^^^^^^^^^^^^^^^^^^^^^^^^^ 
no value can reach this
   |
   = note: the full name for the type has been 
written to 'C:\Dev\Repos\SonnerStudio\Sonner-Stu
dio-Language_SSL\target\debug\deps\ssl_core-cfad
dc8a1b7427a2.long-type-17799632507236076320.txt'
   = note: consider using `--verbose` to print 
the full type name to the console

warning: variable does not need to be mutable
   --> src\interpreter.rs:330:13
    |
330 |         let mut env = Environment::new();
    |             ----^^^
    |             |
    |             help: remove this `mut`
    |
    = note: `#[warn(unused_mut)]` (part of 
`#[warn(unused)]`) on by default

warning: unused variable: `last_value`
   --> src\interpreter.rs:355:17
    |
355 |         let mut last_value = Value::Nil;
    |                 ^^^^^^^^^^ help: if this 
is intentional, prefix it with an underscore: 
`_last_value`
    |
    = note: `#[warn(unused_variables)]` (part 
of `#[warn(unused)]`) on by default

warning: variable does not need to be mutable
   --> src\interpreter.rs:355:13
    |
355 |         let mut last_value = Value::Nil;
    |             ----^^^^^^^^^^
    |             |
    |             help: remove this `mut`

warning: variable does not need to be mutable
    --> src\interpreter.rs:1087:21
     |
1087 | ...et mut new_env = self.env.clone();
     |       ----^^^^^^^
     |       |
     |       help: remove this `mut`

warning: unused variable: `source`
    --> src\interpreter.rs:1537:13
     |
1537 |         let source = "
     |             ^^^^^^ help: if this is 
intentional, prefix it with an underscore: 
`_source`

warning: unused variable: `client`
 --> src\stdlib\http.rs:5:9
  |
5 |     let client = Client::new();
  |         ^^^^^^ help: if this is 
intentional, prefix it with an underscore: 
`_client`

warning: unused variable: `confidence`
  --> src\nil\matcher.rs:47:74
   |
47 | ...[NLToken], confidence: f32) -> Result...
   |               ^^^^^^^^^^ help: if this is 
intentional, prefix it with an underscore: 
`_confidence`


running 1 test
Token: Fn
Token: Identifier("add")
Token: LParen
Token: Identifier("a")
Token: Colon
Token: Identifier("Int")
Token: Comma
Token: Identifier("b")
Token: Colon
Token: Identifier("Int")
Token: RParen
Token: LBrace
Token: Return
Token: Identifier("a")
Token: Plus
Token: Identifier("b")
Token: RBrace
test interpreter::tests::test_return_type_inference ... FAILED

failures:

failures:
    interpreter::tests::test_return_type_inference

test result: FAILED. 0 passed; 1 failed; 0 ignored; 0 measured; 61 filtered out; finished in 0.00s

warning: unused variable: `operation`
   --> src\nil\normalizer.rs:148:41
    |
148 | ...ing(&self, operation: DataOp, source...
    |               ^^^^^^^^^ help: if this is 
intentional, prefix it with an underscore: 
`_operation`

warning: method `value_to_string` is never used
    --> src\interpreter.rs:1256:8
     |
 324 | impl Interpreter {
     | ---------------- method in this 
implementation
...
1256 |     fn value_to_string(&self, value: &...
     |        ^^^^^^^^^^^^^^^
     |
     = note: `#[warn(dead_code)]` (part of 
`#[warn(unused)]`) on by default

warning: `ssl_core` (lib test) generated 18 
warnings (run `cargo fix --lib -p ssl_core 
--tests` to apply 8 suggestions)
    Finished `test` profile [unoptimized + 
debuginfo] target(s) in 0.61s
     Running unittests src\lib.rs (target\debug\
deps\ssl_core-cfaddc8a1b7427a2.exe)

thread 'interpreter::tests::test_return_type_inf
erence' (11172) panicked at 
src\interpreter.rs:1319:34:
called `Result::unwrap()` on an `Err` value: 
"Unexpected token: Ok(RBrace)"
note: run with `RUST_BACKTRACE=1` environment 
variable to display a backtrace
error: test failed, to rerun pass `--lib`
